
FAILURE: Build failed with an exception.

* What went wrong:
Unable to determine version for JDK located at /data/data/com.termux/files/usr/share/jdk8. Reason: Command returned unexpected result code: 127
Error output:
/data/data/com.termux/files/usr/share/jdk8/bin/java: error while loading shared libraries: libpthread.so.0: cannot open shared object file: No such file or directory


* Try:
> Run with --info or --debug option to get more log output.
> Run with --scan to get full insights.

* Exception is:
org.gradle.api.GradleException: Unable to determine version for JDK located at /data/data/com.termux/files/usr/share/jdk8. Reason: Command returned unexpected result code: 127
Error output:
/data/data/com.termux/files/usr/share/jdk8/bin/java: error while loading shared libraries: libpthread.so.0: cannot open shared object file: No such file or directory

	at org.gradle.internal.jvm.inspection.DefaultJvmVersionDetector.validate(DefaultJvmVersionDetector.java:59)
	at org.gradle.internal.jvm.inspection.DefaultJvmVersionDetector.getVersionFromJavaHome(DefaultJvmVersionDetector.java:52)
	at org.gradle.internal.jvm.inspection.DefaultJvmVersionDetector.getJavaVersion(DefaultJvmVersionDetector.java:37)
	at org.gradle.launcher.cli.BuildActionsFactory.createAction(BuildActionsFactory.java:84)
	at org.gradle.launcher.cli.DefaultCommandLineActionFactory$ParseAndBuildAction.createAction(DefaultCommandLineActionFactory.java:280)
	at org.gradle.launcher.cli.DefaultCommandLineActionFactory$ParseAndBuildAction.execute(DefaultCommandLineActionFactory.java:270)
	at org.gradle.launcher.cli.DefaultCommandLineActionFactory$ParseAndBuildAction.execute(DefaultCommandLineActionFactory.java:247)
	at org.gradle.launcher.cli.DebugLoggerWarningAction.execute(DebugLoggerWarningAction.java:82)
	at org.gradle.launcher.cli.DebugLoggerWarningAction.execute(DebugLoggerWarningAction.java:30)
	at org.gradle.launcher.cli.WelcomeMessageAction.execute(WelcomeMessageAction.java:92)
	at org.gradle.launcher.cli.WelcomeMessageAction.execute(WelcomeMessageAction.java:38)
	at org.gradle.launcher.cli.NativeServicesInitializingAction.execute(NativeServicesInitializingAction.java:44)
	at org.gradle.launcher.cli.NativeServicesInitializingAction.execute(NativeServicesInitializingAction.java:26)
	at org.gradle.launcher.cli.ExceptionReportingAction.execute(ExceptionReportingAction.java:41)
	at org.gradle.launcher.cli.ExceptionReportingAction.execute(ExceptionReportingAction.java:26)
	at org.gradle.launcher.cli.DefaultCommandLineActionFactory$WithLogging.execute(DefaultCommandLineActionFactory.java:240)
	at org.gradle.launcher.Main.doAction(Main.java:35)
	at org.gradle.launcher.bootstrap.EntryPoint.run(EntryPoint.java:50)
	at java.base/jdk.internal.reflect.DirectMethodHandleAccessor.invoke(DirectMethodHandleAccessor.java:103)
	at java.base/java.lang.reflect.Method.invoke(Method.java:580)
	at org.gradle.launcher.bootstrap.ProcessBootstrap.runNoExit(ProcessBootstrap.java:60)
	at org.gradle.launcher.bootstrap.ProcessBootstrap.run(ProcessBootstrap.java:37)
	at java.base/jdk.internal.reflect.DirectMethodHandleAccessor.invoke(DirectMethodHandleAccessor.java:103)
	at java.base/java.lang.reflect.Method.invoke(Method.java:580)
	at org.gradle.launcher.GradleMain.main(GradleMain.java:34)
	at java.base/jdk.internal.reflect.DirectMethodHandleAccessor.invoke(DirectMethodHandleAccessor.java:103)
	at java.base/java.lang.reflect.Method.invoke(Method.java:580)
	at org.gradle.wrapper.BootstrapMainStarter.start(BootstrapMainStarter.java:35)
	at org.gradle.wrapper.WrapperExecutor.execute(WrapperExecutor.java:110)
	at org.gradle.wrapper.GradleWrapperMain.main(GradleWrapperMain.java:66)


* Get more help at https://help.gradle.org
